// Jest Snapshot v1, https://goo.gl/fbAQLP

exports[`ErrorMessage matches snapshot 1`] = `
<View
  style={
    Object {
      "paddingLeft": 8,
      "paddingRight": 8,
      "paddingTop": 16,
      "position": "absolute",
      "width": "100%",
      "zIndex": 2,
    }
  }
>
  <View
    style={
      Object {
        "alignItems": "center",
        "backgroundColor": "#000000",
        "borderRadius": 3,
        "display": "flex",
        "flexDirection": "row",
        "justifyContent": "space-between",
        "opacity": 0.9,
        "paddingBottom": 14,
        "paddingLeft": 16,
        "paddingRight": 16,
        "paddingTop": 14,
      }
    }
  >
    <Text
      style={
        Object {
          "color": "#FFFFFF",
          "maxWidth": "90%",
        }
      }
    >
      Unable to sync, try again later.
    </Text>
    <View
      accessible={true}
      collapsable={false}
      focusable={true}
      onBlur={[Function]}
      onClick={[Function]}
      onFocus={[Function]}
      onResponderGrant={[Function]}
      onResponderMove={[Function]}
      onResponderRelease={[Function]}
      onResponderTerminate={[Function]}
      onResponderTerminationRequest={[Function]}
      onStartShouldSetResponder={[Function]}
      style={
        Object {
          "marginLeft": 16,
        }
      }
    >
      <RNSVGSvgView
        align="xMidYMid"
        bbHeight="16"
        bbWidth="16"
        focusable={false}
        height="16"
        meetOrSlice={0}
        minX={0}
        minY={0}
        style={
          Array [
            Object {
              "backgroundColor": "transparent",
              "borderWidth": 0,
            },
            Object {
              "flex": 0,
              "height": 16,
              "width": 16,
            },
          ]
        }
        vbHeight={16}
        vbWidth={16}
        width="16"
      >
        <RNSVGGroup>
          <RNSVGPath
            d="M16 1.61143L14.3886 0L8 6.38857L1.61143 0L0 1.61143L6.38857 8L0 14.3886L1.61143 16L8 9.61143L14.3886 16L16 14.3886L9.61143 8L16 1.61143Z"
            fill={4294967295}
            propList={
              Array [
                "fill",
              ]
            }
          />
        </RNSVGGroup>
      </RNSVGSvgView>
    </View>
  </View>
</View>
`;
