// Jest Snapshot v1, https://goo.gl/fbAQLP

exports[`Loader matches snapshot 1`] = `
<Modal
  animationType="none"
  hardwareAccelerated={false}
  transparent={true}
  visible={true}
>
  <View
    style={
      Object {
        "alignItems": "center",
        "backgroundColor": "#00000088",
        "flex": 1,
        "height": "100%",
        "justifyContent": "center",
        "width": "100%",
      }
    }
  >
    <View
      style={
        Object {
          "alignItems": "center",
          "backgroundColor": "#F3F3F3",
          "borderRadius": 15,
          "height": 80,
          "justifyContent": "center",
          "width": 80,
        }
      }
    >
      <ActivityIndicator
        animating={true}
        color="#008586"
        size="large"
        style={
          Object {
            "flex": 1,
          }
        }
      />
    </View>
  </View>
</Modal>
`;
